[192.168.0.202/ru/home.html]
[backblue.gif]
[fade.gif]
[index.html]
[192.168.0.202/assets/index-CzWm9tw_.js]
[192.168.0.202/ru/home.html]
[192.168.0.202/assets/materialdesignicons-webfont-DkY_eBaDfedd.eot]
[192.168.0.202/assets/materialdesignicons-webfont-DkY_eBaDd41d.eot]
[192.168.0.202/assets/materialdesignicons-webfont-CMxqBFRefedd.woff2]
[192.168.0.202/assets/materialdesignicons-webfont-BEZhCrOsfedd.woff]
[192.168.0.202/assets/materialdesignicons-webfont-CyuVDWYPfedd.ttf]
[192.168.0.202/assets/Magistral-Medium-5aXndRBN.ttf]
[192.168.0.202/assets/Magistral-Light-Cq4uKeDk.ttf]
[192.168.0.202/assets/Magistral-Bold-BWvp6qd6.ttf]
[192.168.0.202/assets/Magistral-ExtraBold-D8DVHnmi.ttf]
[192.168.0.202/assets/Magistral-MediumItalic-D7nALUrY.ttf]
[192.168.0.202/assets/Magistral-BoldItalic-DtofdDVW.ttf]
[192.168.0.202/assets/Magistral-ExtraBoldItalic-B93C3Dcl.ttf]
[192.168.0.202/assets/Magistral-LightItalic-Dub-tuLl.ttf]
[192.168.0.202/assets/Magistral-Book-Dukm-Doc.ttf]
[192.168.0.202/assets/Magistral-BookItalic-Dul2x8J2.ttf]
[192.168.0.202/assets/Inter-VariableFont_slnt_wght-ZO3WBJgw.ttf]
[192.168.0.202/assets/index-BmCLVz0Q.css]
[192.168.0.202/assets/lm_background_arrows-CR0n8mHY.svg]
